C51 COMPILER V9.52.0.0   MAIN                                                              06/17/2023 19:20:37 PAGE 1   


C51 COMPILER V9.52.0.0, COMPILATION OF MODULE MAIN
OBJECT MODULE PLACED IN main.OBJ
COMPILER INVOKED BY: C:\Keil\C51\BIN\C51.EXE main.c BROWSE DEBUG OBJECTEXTEND TABS(2)

line level    source

   1          #include<REGX52.h>
   2          void Delay_ms(unsigned int t)
   3           {
   4   1         unsigned int x,y;
   5   1         for (x=0;x<t;x++) {
   6   2              for(y = 0;y<123;y++); // Dalay ~1ms
   7   2           }
   8   1       }
   9           void main() {
  10   1        while(1) {
  11   2          unsigned int i;
  12   2          for(i = 0;i<7;i++) {
  13   3            P0_i = 0x00; 
*** ERROR C202 IN LINE 13 OF main.c: 'P0_i': undefined identifier
  14   3            Delay_ms(500);
  15   3            P0_i = 0x01; 
*** ERROR C202 IN LINE 15 OF main.c: 'P0_i': undefined identifier
  16   3            Delay_ms(500);
  17   3          }
  18   2          
  19   2        }
  20   1      }

C51 COMPILATION COMPLETE.  0 WARNING(S),  2 ERROR(S)
